com\university\exam\ui\ModernUI$ModernButton$1.class
com\university\exam\dao\ExamDAO.class
com\university\exam\ui\ModernComponents$ModernTextField$2.class
com\university\exam\ui\ModernUI$ModernPasswordField.class
com\university\exam\ui\ModernComponents$ModernButton$1.class
com\university\exam\SimpleExamApp.class
com\university\exam\model\Exam.class
com\university\exam\ui\ModernUI$ModernButton.class
com\university\exam\ui\ModernUI$ModernTextField.class
com\university\exam\SimpleExamApp$2.class
com\university\exam\model\Question.class
com\university\exam\ui\AdvancedUIEffects$ModernCard$1.class
com\university\exam\util\DatabaseConfig.class
com\university\exam\ui\ModernCard$1.class
com\university\exam\dao\UserDAO.class
com\university\exam\ui\ModernComponents.class
com\university\exam\ui\ModernUI$ModernPasswordField$1.class
com\university\exam\ui\AdvancedUIEffects.class
com\university\exam\ui\AdvancedUIEffects$RippleEffect.class
com\university\exam\ui\ModernComponents$ModernProgressBar.class
com\university\exam\ui\ModernComponents$ModernButton.class
com\university\exam\ui\AdvancedUIEffects$ModernCard.class
com\university\exam\UserManager.class
com\university\exam\servlet\CreateExamServlet.class
com\university\exam\ui\AnimatedPanel.class
com\university\exam\ui\ModernComponents$CircularProgressBar.class
com\university\exam\servlet\LoginServlet.class
com\university\exam\model\SimpleUser.class
com\university\exam\ui\AdvancedUIEffects$GlassPane.class
com\university\exam\ui\ModernUI$GradientPanel.class
com\university\exam\ui\AnimatedPanel$1.class
com\university\exam\ui\ModernComponents$ModernTextField.class
com\university\exam\ui\ModernUI$ModernTextField$1.class
com\university\exam\ui\ModernCard.class
com\university\exam\ExamManager.class
com\university\exam\model\SimpleQuestion.class
com\university\exam\SimpleExamApp$1.class
com\university\exam\ui\ModernComponents$ModernCard.class
com\university\exam\ui\AdvancedUIEffects$ModernTooltip.class
com\university\exam\ui\ModernComponents$ModernTextField$1.class
com\university\exam\ui\ModernComponents$RoundedBorder.class
com\university\exam\ui\RoundedBorder.class
com\university\exam\model\User.class
com\university\exam\ui\ModernUI.class
com\university\exam\model\SimpleExam.class
