c:\Users\Hawi\Desktop\uni exam\src\main\java\com\university\exam\util\DatabaseConfig.java
c:\Users\Hawi\Desktop\uni exam\src\main\java\com\university\exam\model\SimpleQuestion.java
c:\Users\Hawi\Desktop\uni exam\src\main\java\com\university\exam\ui\ModernUI.java
c:\Users\Hawi\Desktop\uni exam\src\main\java\com\university\exam\ui\ModernCard.java
c:\Users\Hawi\Desktop\uni exam\src\main\java\com\university\exam\ui\AnimatedPanel.java
c:\Users\Hawi\Desktop\uni exam\src\main\java\com\university\exam\SimpleExamApp.java
c:\Users\Hawi\Desktop\uni exam\src\main\java\com\university\exam\model\User.java
c:\Users\Hawi\Desktop\uni exam\src\main\java\com\university\exam\ExamManager.java
c:\Users\Hawi\Desktop\uni exam\src\main\java\com\university\exam\dao\ExamDAO.java
c:\Users\Hawi\Desktop\uni exam\src\main\java\com\university\exam\ui\ModernComponents.java
c:\Users\Hawi\Desktop\uni exam\src\main\java\com\university\exam\UserManager.java
c:\Users\Hawi\Desktop\uni exam\src\main\java\com\university\exam\ui\RoundedBorder.java
c:\Users\Hawi\Desktop\uni exam\src\main\java\com\university\exam\model\Exam.java
c:\Users\Hawi\Desktop\uni exam\src\main\java\com\university\exam\model\SimpleUser.java
c:\Users\Hawi\Desktop\uni exam\src\main\java\com\university\exam\servlet\LoginServlet.java
c:\Users\Hawi\Desktop\uni exam\src\main\java\com\university\exam\servlet\CreateExamServlet.java
c:\Users\Hawi\Desktop\uni exam\src\main\java\com\university\exam\dao\UserDAO.java
c:\Users\Hawi\Desktop\uni exam\src\main\java\com\university\exam\ui\AdvancedUIEffects.java
c:\Users\Hawi\Desktop\uni exam\src\main\java\com\university\exam\model\Question.java
c:\Users\Hawi\Desktop\uni exam\src\main\java\com\university\exam\model\SimpleExam.java
